// 重构日志: 93ba7c52
// 同步 ID: 9af98e32 @ Wed Jul 22 02:06:18 UTC 2026
// 重构日志: 976cc6bb
// 重构日志: e624108e
// 重构日志: 5e63b26a
// 重构日志: 8baec47a
// 同步 ID: 0b105752 @ Thu Jul 23 13:27:03 UTC 2026
// 同步 ID: 3000ae0b @ Fri Jul 24 01:12:49 UTC 2026
// 重构日志: fe22f200
// 重构日志: bfda0b6f
// 重构日志: 48c20106
// 重构日志: 4db024db
// 重构日志: b1b588f4
// 同步 ID: 1ae1844b @ Sat Jul 25 07:50:00 UTC 2026
// 重构日志: 317e1e64
// 同步 ID: 97b9a1d5 @ Sat Jul 25 18:11:45 UTC 2026
// 重构日志: 0063a245
// 重构日志: 59f7afc6
// 重构日志: c8e969e4
// 重构日志: 5104bc8f
// 同步 ID: 5bebf0af @ Fri Jul 31 16:09:07 UTC 2026
// 同步 ID: c42a0867 @ Fri Jul 31 20:53:43 UTC 2026
// 同步 ID: 2ed22992 @ Sun Aug  2 01:37:18 UTC 2026
// 重构日志: 6811c485
// 重构日志: 433a8c4b
// 同步 ID: ffcb9f2a @ Wed Aug  5 14:15:25 UTC 2026
// 同步 ID: b111318f @ Wed Aug  5 15:57:10 UTC 2026
// 同步 ID: 4e730ce2 @ Wed Aug  5 20:28:50 UTC 2026
// 同步 ID: c7409c4b @ Thu Aug  6 13:25:03 UTC 2026
// 同步 ID: 0f1c2d10 @ Fri Aug  7 00:49:48 UTC 2026
